[    0.000000] Initializing cgroup subsys cpuset
[    0.000000] Initializing cgroup subsys cpu
[    0.000000] Initializing cgroup subsys cpuacct
[    0.000000] Linux version 4.4.0-210-generic (buildd@lgw01-amd64-009) (gcc version 5.4.0 20160609 (Ubuntu 5.4.0-6ubuntu1~16.04.12) ) #242-Ubuntu SMP Fri Apr 16 09:57:56 UTC 2021 (Ubuntu 4.4.0-210.242-generic 4.4.262)
[    0.000000] Command line: BOOT_IMAGE=/boot/vmlinuz-4.4.0-210-generic root=LABEL=cloudimg-rootfs ro console=tty1 console=ttyS0
[    0.000000] KERNEL supported cpus:
[    0.000000]   Intel GenuineIntel
[    0.000000]   AMD AuthenticAMD
[    0.000000]   Centaur CentaurHauls
[    0.000000] x86/fpu: xstate_offset[2]:  576, xstate_sizes[2]:  256
[    0.000000] x86/fpu: Supporting XSAVE feature 0x01: 'x87 floating point registers'
[    0.000000] x86/fpu: Supporting XSAVE feature 0x02: 'SSE registers'
[    0.000000] x86/fpu: Supporting XSAVE feature 0x04: 'AVX registers'
[    0.000000] x86/fpu: Enabled xstate features 0x7, context size is 832 bytes, using 'standard' format.
[    0.000000] e820: BIOS-provided physical RAM map:
[    0.000000] BIOS-e820: [mem 0x0000000000000000-0x000000000009fbff] usable
[    0.000000] BIOS-e820: [mem 0x000000000009fc00-0x000000000009ffff] reserved
[    0.000000] BIOS-e820: [mem 0x00000000000f0000-0x00000000000fffff] reserved
[    0.000000] BIOS-e820: [mem 0x0000000000100000-0x000000003ffeffff] usable
[    0.000000] BIOS-e820: [mem 0x000000003fff0000-0x000000003fffffff] ACPI data
[    0.000000] BIOS-e820: [mem 0x00000000fec00000-0x00000000fec00fff] reserved
[    0.000000] BIOS-e820: [mem 0x00000000fee00000-0x00000000fee00fff] reserved
[    0.000000] BIOS-e820: [mem 0x00000000fffc0000-0x00000000ffffffff] reserved
[    0.000000] NX (Execute Disable) protection: active
[    0.000000] SMBIOS 2.5 present.
[    0.000000] Hypervisor detected: KVM
[    0.000000] e820: last_pfn = 0x3fff0 max_arch_pfn = 0x400000000
[    0.000000] MTRR: Disabled
[    0.000000] x86/PAT: MTRRs disabled, skipping PAT initialization too.
[    0.000000] CPU MTRRs all blank - virtualized system.
[    0.000000] x86/PAT: Configuration [0-7]: WB  WT  UC- UC  WB  WT  UC- UC  
[    0.000000] found SMP MP-table at [mem 0x0009fff0-0x0009ffff] mapped at [ffff88000009fff0]
[    0.000000] Scanning 1 areas for low memory corruption
[    0.000000] RAMDISK: [mem 0x362dc000-0x37165fff]
[    0.000000] ACPI: Early table checksum verification disabled
[    0.000000] ACPI: RSDP 0x00000000000E0000 000024 (v02 VBOX  )
[    0.000000] ACPI: XSDT 0x000000003FFF0030 00003C (v01 VBOX   VBOXXSDT 00000001 ASL  00000061)
[    0.000000] ACPI: FACP 0x000000003FFF00F0 0000F4 (v04 VBOX   VBOXFACP 00000001 ASL  00000061)
[    0.000000] ACPI: DSDT 0x000000003FFF0610 002353 (v02 VBOX   VBOXBIOS 00000002 INTL 20200528)
[    0.000000] ACPI: FACS 0x000000003FFF0200 000040
[    0.000000] ACPI: FACS 0x000000003FFF0200 000040
[    0.000000] ACPI: APIC 0x000000003FFF0240 000054 (v02 VBOX   VBOXAPIC 00000001 ASL  00000061)
[    0.000000] ACPI: SSDT 0x000000003FFF02A0 00036C (v01 VBOX   VBOXCPUT 00000002 INTL 20200528)
[    0.000000] No NUMA configuration found
[    0.000000] Faking a node at [mem 0x0000000000000000-0x000000003ffeffff]
[    0.000000] NODE_DATA(0) allocated [mem 0x3ffeb000-0x3ffeffff]
[    0.000000] kvm-clock: Using msrs 4b564d01 and 4b564d00
[    0.000000] kvm-clock: cpu 0, msr 0:3ffe3001, primary cpu clock
[    0.000000] kvm-clock: using sched offset of 3240982807 cycles
[    0.000000] clocksource: kvm-clock: mask: 0xffffffffffffffff max_cycles: 0x1cd42e4dffb, max_idle_ns: 881590591483 ns
[    0.000000] Zone ranges:
[    0.000000]   DMA      [mem 0x0000000000001000-0x0000000000ffffff]
[    0.000000]   DMA32    [mem 0x0000000001000000-0x000000003ffeffff]
[    0.000000]   Normal   empty
[    0.000000]   Device   empty
[    0.000000] Movable zone start for each node
[    0.000000] Early memory node ranges
[    0.000000]   node   0: [mem 0x0000000000001000-0x000000000009efff]
[    0.000000]   node   0: [mem 0x0000000000100000-0x000000003ffeffff]
[    0.000000] Initmem setup node 0 [mem 0x0000000000001000-0x000000003ffeffff]
[    0.000000] ACPI: PM-Timer IO Port: 0x4008
[    0.000000] IOAPIC[0]: apic_id 1, version 32, address 0xfec00000, GSI 0-23
[    0.000000] ACPI: INT_SRC_OVR (bus 0 bus_irq 0 global_irq 2 dfl dfl)
[    0.000000] ACPI: INT_SRC_OVR (bus 0 bus_irq 9 global_irq 9 low level)
[    0.000000] Using ACPI (MADT) for SMP configuration information
[    0.000000] smpboot: Allowing 1 CPUs, 0 hotplug CPUs
[    0.000000] PM: Registered nosave memory: [mem 0x00000000-0x00000fff]
[    0.000000] PM: Registered nosave memory: [mem 0x0009f000-0x0009ffff]
[    0.000000] PM: Registered nosave memory: [mem 0x000a0000-0x000effff]
[    0.000000] PM: Registered nosave memory: [mem 0x000f0000-0x000fffff]
[    0.000000] e820: [mem 0x40000000-0xfebfffff] available for PCI devices
[    0.000000] Booting paravirtualized kernel on KVM
[    0.000000] clocksource: refined-jiffies: mask: 0xffffffff max_cycles: 0xffffffff, max_idle_ns: 7645519600211568 ns
[    0.000000] setup_percpu: NR_CPUS:512 nr_cpumask_bits:512 nr_cpu_ids:1 nr_node_ids:1
[    0.000000] PERCPU: Embedded 33 pages/cpu @ffff88003fc00000 s95192 r8192 d31784 u2097152
[    0.000000] Built 1 zonelists in Node order, mobility grouping on.  Total pages: 257912
[    0.000000] Policy zone: DMA32
[    0.000000] Kernel command line: BOOT_IMAGE=/boot/vmlinuz-4.4.0-210-generic root=LABEL=cloudimg-rootfs ro console=tty1 console=ttyS0
[    0.000000] PID hash table entries: 4096 (order: 3, 32768 bytes)
[    0.000000] Memory: 997924K/1048120K available (8644K kernel code, 1332K rwdata, 4044K rodata, 1492K init, 1164K bss, 50196K reserved, 0K cma-reserved)
[    0.000000] SLUB: HWalign=64, Order=0-3, MinObjects=0, CPUs=1, Nodes=1
[    0.000000] Kernel/User page tables isolation: enabled
[    0.000000] Hierarchical RCU implementation.
[    0.000000] 	Build-time adjustment of leaf fanout to 64.
[    0.000000] 	RCU restricting CPUs from NR_CPUS=512 to nr_cpu_ids=1.
[    0.000000] RCU: Adjusting geometry for rcu_fanout_leaf=64, nr_cpu_ids=1
[    0.000000] NR_IRQS:33024 nr_irqs:256 16
[    0.000000] Console: colour VGA+ 80x25
[    0.000000] console [tty1] enabled
[    0.000000] console [ttyS0] enabled
[    0.000000] tsc: Detected 2593.646 MHz processor
[    0.385307] Calibrating delay loop (skipped) preset value.. 5187.29 BogoMIPS (lpj=10374584)
[    0.390447] pid_max: default: 32768 minimum: 301
[    0.393151] ACPI: Core revision 20150930
[    0.396482] ACPI: 2 ACPI AML tables successfully acquired and loaded
[    0.401107] Security Framework initialized
[    0.403558] Yama: becoming mindful.
[    0.405820] AppArmor: AppArmor initialized
[    0.408333] Dentry cache hash table entries: 131072 (order: 8, 1048576 bytes)
[    0.413520] Inode-cache hash table entries: 65536 (order: 7, 524288 bytes)
[    0.418281] Mount-cache hash table entries: 2048 (order: 2, 16384 bytes)
[    0.422037] Mountpoint-cache hash table entries: 2048 (order: 2, 16384 bytes)
[    0.426440] Initializing cgroup subsys io
[    0.428840] Initializing cgroup subsys memory
[    0.431418] Initializing cgroup subsys devices
[    0.434041] Initializing cgroup subsys freezer
[    0.436850] Initializing cgroup subsys net_cls
[    0.439580] Initializing cgroup subsys perf_event
[    0.442334] Initializing cgroup subsys net_prio
[    0.445041] Initializing cgroup subsys hugetlb
[    0.448189] Initializing cgroup subsys pids
[    0.463737] mce: CPU supports 0 MCE banks
[    0.467040] process: using mwait in idle threads
[    0.469777] Last level iTLB entries: 4KB 64, 2MB 8, 4MB 8
[    0.472876] Last level dTLB entries: 4KB 64, 2MB 0, 4MB 0, 1GB 4
[    0.476369] Spectre V1 : Mitigation: usercopy/swapgs barriers and __user pointer sanitization
[    0.481664] Spectre V2 : Mitigation: Full generic retpoline
[    0.484924] Spectre V2 : Spectre v2 / SpectreRSB mitigation: Filling RSB on context switch
[    0.489611] Speculative Store Bypass: Vulnerable
[    0.492319] SRBDS: Unknown: Dependent on hypervisor status
[    0.496102] MDS: Mitigation: Clear CPU buffers
[    0.644578] Freeing SMP alternatives memory: 36K
[    0.710605] ftrace: allocating 32380 entries in 127 pages
[    1.149425] smpboot: APIC(0) Converting physical 0 to logical package 0
[    1.153226] smpboot: Max logical packages: 1
[    1.157290] x2apic enabled
[    1.160429] Switched APIC routing to physical x2apic.
[    1.169922] ..TIMER: vector=0x30 apic1=0 pin1=2 apic2=-1 pin2=-1
[    1.281625] APIC calibration not consistent with PM-Timer: 216ms instead of 100ms
[    1.286053] APIC delta adjusted to PM-Timer: 6249989 (13500770)
[    1.290041] smpboot: CPU0: Intel(R) Core(TM) i7-9750H CPU @ 2.60GHz (family: 0x6, model: 0x9e, stepping: 0xa)
[    1.296390] Performance Events: unsupported p6 CPU model 158 no PMU driver, software events only.
[    1.366977] KVM setup paravirtual spinlock
[    1.370209] x86: Booted up 1 node, 1 CPUs
[    1.372507] smpboot: Total of 1 processors activated (5187.29 BogoMIPS)
[    1.377194] devtmpfs: initialized
[    1.380533] evm: security.selinux
[    1.382485] evm: security.SMACK64
[    1.384481] evm: security.SMACK64EXEC
[    1.386605] evm: security.SMACK64TRANSMUTE
[    1.388940] evm: security.SMACK64MMAP
[    1.391060] evm: security.ima
[    1.393354] evm: security.capability
[    1.395591] clocksource: jiffies: mask: 0xffffffff max_cycles: 0xffffffff, max_idle_ns: 7645041785100000 ns
[    1.400875] futex hash table entries: 256 (order: 2, 16384 bytes)
[    1.404324] pinctrl core: initialized pinctrl subsystem
[    1.407609] RTC time:  8:57:26, date: 03/07/23
[    1.410442] NET: Registered protocol family 16
[    1.413458] cpuidle: using governor ladder
[    1.416020] cpuidle: using governor menu
[    1.418291] PCCT header not found.
[    1.420392] ACPI: bus type PCI registered
[    1.422713] acpiphp: ACPI Hot Plug PCI Controller Driver version: 0.5
[    1.426848] PCI: Using configuration type 1 for base access
[    1.431371] ACPI: Added _OSI(Module Device)
[    1.433799] ACPI: Added _OSI(Processor Device)
[    1.436503] ACPI: Added _OSI(3.0 _SCP Extensions)
[    1.439235] ACPI: Added _OSI(Processor Aggregator Device)
[    1.443021] ACPI: Executed 1 blocks of module-level executable AML code
[    1.449482] ACPI: Interpreter enabled
[    1.451646] ACPI: (supports S0 S5)
[    1.453663] ACPI: Using IOAPIC for interrupt routing
[    1.456759] PCI: Using host bridge windows from ACPI; if necessary, use "pci=nocrs" and report a bug
[    1.467859] ACPI: PCI Root Bridge [PCI0] (domain 0000 [bus 00-ff])
[    1.471266] acpi PNP0A03:00: _OSC: OS supports [ASPM ClockPM Segments MSI]
[    1.475558] acpi PNP0A03:00: _OSC: not requesting OS control; OS requires [ExtendedConfig ASPM ClockPM MSI]
[    1.480877] acpi PNP0A03:00: fail to add MMCONFIG information, can't access extended PCI configuration space under this bridge.
[    1.487661] PCI host bridge to bus 0000:00
[    1.490547] pci_bus 0000:00: root bus resource [io  0x0000-0x0cf7 window]
[    1.494328] pci_bus 0000:00: root bus resource [io  0x0d00-0xffff window]
[    1.498099] pci_bus 0000:00: root bus resource [mem 0x000a0000-0x000bffff window]
[    1.502346] pci_bus 0000:00: root bus resource [mem 0x40000000-0xfdffffff window]
[    1.506666] pci_bus 0000:00: root bus resource [bus 00-ff]
[    1.514627] pci 0000:00:01.1: legacy IDE quirk: reg 0x10: [io  0x01f0-0x01f7]
[    1.528897] pci 0000:00:01.1: legacy IDE quirk: reg 0x14: [io  0x03f6]
[    1.532513] pci 0000:00:01.1: legacy IDE quirk: reg 0x18: [io  0x0170-0x0177]
[    1.536492] pci 0000:00:01.1: legacy IDE quirk: reg 0x1c: [io  0x0376]
[    1.570868] pci 0000:00:07.0: quirk: [io  0x4000-0x403f] claimed by PIIX4 ACPI
[    1.575066] pci 0000:00:07.0: quirk: [io  0x4100-0x410f] claimed by PIIX4 SMB
[    1.588305] ACPI: PCI Interrupt Link [LNKA] (IRQs 5 9 10 *11)
[    1.593285] ACPI: PCI Interrupt Link [LNKB] (IRQs 5 9 *10 11)
[    1.598081] ACPI: PCI Interrupt Link [LNKC] (IRQs 5 *9 10 11)
[    1.602802] ACPI: PCI Interrupt Link [LNKD] (IRQs 5 9 10 *11)
[    1.607887] ACPI: Enabled 2 GPEs in block 00 to 07
[    1.611205] vgaarb: setting as boot device: PCI:0000:00:02.0
[    1.614390] vgaarb: device added: PCI:0000:00:02.0,decodes=io+mem,owns=io+mem,locks=none
[    1.619014] vgaarb: loaded
[    1.620698] vgaarb: bridge control possible 0000:00:02.0
[    1.623888] SCSI subsystem initialized
[    1.626201] ACPI: bus type USB registered
[    1.628559] usbcore: registered new interface driver usbfs
[    1.631657] usbcore: registered new interface driver hub
[    1.634719] usbcore: registered new device driver usb
[    1.637964] PCI: Using ACPI for IRQ routing
[    1.641030] NetLabel: Initializing
[    1.643064] NetLabel:  domain hash size = 128
[    1.645632] NetLabel:  protocols = UNLABELED CIPSOv4
[    1.648475] NetLabel:  unlabeled traffic allowed by default
[    1.651659] amd_nb: Cannot enumerate AMD northbridges
[    1.655118] clocksource: Switched to clocksource kvm-clock
[    1.669242] AppArmor: AppArmor Filesystem Enabled
[    1.672330] pnp: PnP ACPI init
[    1.675942] pnp: PnP ACPI: found 3 devices
[    1.686625] clocksource: acpi_pm: mask: 0xffffff max_cycles: 0xffffff, max_idle_ns: 2085701024 ns
[    1.691600] NET: Registered protocol family 2
[    1.694384] TCP established hash table entries: 8192 (order: 4, 65536 bytes)
[    1.698428] TCP bind hash table entries: 8192 (order: 5, 131072 bytes)
[    1.702184] TCP: Hash tables configured (established 8192 bind 8192)
[    1.705923] UDP hash table entries: 512 (order: 2, 16384 bytes)
[    1.709243] UDP-Lite hash table entries: 512 (order: 2, 16384 bytes)
[    1.712860] NET: Registered protocol family 1
[    1.715442] pci 0000:00:00.0: Limiting direct PCI/PCI transfers
[    1.718828] pci 0000:00:01.0: Activating ISA DMA hang workarounds
[    1.722539] Unpacking initramfs...
[    1.937132] Freeing initrd memory: 14888K
[    1.940177] clocksource: tsc: mask: 0xffffffffffffffff max_cycles: 0x2562c982194, max_idle_ns: 440795235236 ns
[    1.945707] platform rtc_cmos: registered platform RTC device (no PNP device found)
[    1.949995] Scanning for low memory corruption every 60 seconds
[    1.953500] audit: initializing netlink subsys (disabled)
[    1.956636] audit: type=2000 audit(1678179451.179:1): initialized
[    1.960208] Initialise system trusted keyring
[    1.962804] HugeTLB registered 2 MB page size, pre-allocated 0 pages
[    1.967607] zbud: loaded
[    1.969446] VFS: Disk quotas dquot_6.6.0
[    1.971745] VFS: Dquot-cache hash table entries: 512 (order 0, 4096 bytes)
[    1.975781] squashfs: version 4.0 (2009/01/31) Phillip Lougher
[    1.979215] fuse init (API version 7.23)
[    1.981618] Key type big_key registered
[    1.984390] Allocating IMA MOK and blacklist keyrings.
[    1.987930] Key type asymmetric registered
[    1.990323] Asymmetric key parser 'x509' registered
[    1.993371] Block layer SCSI generic (bsg) driver version 0.4 loaded (major 249)
[    1.997684] io scheduler noop registered
[    1.999978] io scheduler deadline registered (default)
[    2.002913] io scheduler cfq registered
[    2.005316] pci_hotplug: PCI Hot Plug PCI Core version: 0.5
[    2.008460] pciehp: PCI Express Hot Plug Controller Driver version: 0.4
[    2.012501] ACPI: AC Adapter [AC] (off-line)
[    2.015113] input: Power Button as /devices/LNXSYSTM:00/LNXPWRBN:00/input/input0
[    2.019409] ACPI: Power Button [PWRF]
[    2.021741] input: Sleep Button as /devices/LNXSYSTM:00/LNXSLPBN:00/input/input1
[    2.027004] ACPI: Sleep Button [SLPF]
[    2.030703] ACPI: Battery Slot [BAT0] (battery present)
[    2.033695] GHES: HEST is not enabled!
[    2.036215] Serial: 8250/16550 driver, 32 ports, IRQ sharing enabled
[    2.065994] 00:02: ttyS0 at I/O 0x3f8 (irq = 4, base_baud = 115200) is a 16550A
[    2.071127] Linux agpgart interface v0.103
[    2.075460] loop: module loaded
[    2.078333] scsi host0: ata_piix
[    2.080341] scsi host1: ata_piix
[    2.082311] ata1: PATA max UDMA/33 cmd 0x1f0 ctl 0x3f6 bmdma 0xd000 irq 14
[    2.086169] ata2: PATA max UDMA/33 cmd 0x170 ctl 0x376 bmdma 0xd008 irq 15
[    2.091469] libphy: Fixed MDIO Bus: probed
[    2.093879] tun: Universal TUN/TAP device driver, 1.6
[    2.096826] tun: (C) 1999-2004 Max Krasnyansky <maxk@qualcomm.com>
[    2.100292] PPP generic driver version 2.4.2
[    2.102798] ehci_hcd: USB 2.0 'Enhanced' Host Controller (EHCI) Driver
[    2.106497] ehci-pci: EHCI PCI platform driver
[    2.109066] ehci-platform: EHCI generic platform driver
[    2.112035] ohci_hcd: USB 1.1 'Open' Host Controller (OHCI) Driver
[    2.115575] ohci-pci: OHCI PCI platform driver
[    2.118136] ohci-platform: OHCI generic platform driver
[    2.121107] uhci_hcd: USB Universal Host Controller Interface driver
[    2.124734] i8042: PNP: PS/2 Controller [PNP0303:PS2K,PNP0f03:PS2M] at 0x60,0x64 irq 1,12
[    2.131359] serio: i8042 KBD port at 0x60,0x64 irq 1
[    2.134243] serio: i8042 AUX port at 0x60,0x64 irq 12
[    2.137173] mousedev: PS/2 mouse device common for all mice
[    2.141144] input: AT Translated Set 2 keyboard as /devices/platform/i8042/serio0/input/input2
[    2.147480] rtc_cmos rtc_cmos: rtc core: registered rtc_cmos as rtc0
[    2.151783] rtc_cmos rtc_cmos: alarms up to one day, 114 bytes nvram
[    2.155388] i2c /dev entries driver
[    2.157503] device-mapper: uevent: version 1.0.3
[    2.160211] device-mapper: ioctl: 4.34.0-ioctl (2015-10-28) initialised: dm-devel@redhat.com
[    2.165031] ledtrig-cpu: registered to indicate activity on CPUs
[    2.168572] NET: Registered protocol family 10
[    2.171257] NET: Registered protocol family 17
[    2.173844] Key type dns_resolver registered
[    2.176539] registered taskstats version 1
[    2.179714] Loading compiled-in X.509 certificates
[    2.182879] Loaded X.509 cert 'Build time autogenerated kernel key: cf00e047681d67edb2720680708b7d9498083038'
[    2.189343] zswap: loaded using pool lzo/zbud
[    2.194091] Key type trusted registered
[    2.199622] Key type encrypted registered
[    2.201944] AppArmor: AppArmor sha1 policy hashing enabled
[    2.205046] ima: No TPM chip found, activating TPM-bypass!
[    2.208092] ima: Allocated hash algorithm: sha1
[    2.210657] evm: HMAC attrs: 0x1
[    2.213145]   Magic number: 15:794:977
[    2.215741] rtc_cmos rtc_cmos: setting system clock to 2023-03-07 08:57:27 UTC (1678179447)
[    2.220382] BIOS EDD facility v0.16 2004-Jun-25, 0 devices found
[    2.223680] EDD information not available.
[    2.286288] Freeing unused kernel memory: 1492K
[    2.288919] Write protecting the kernel read-only data: 14336k
[    2.292343] Freeing unused kernel memory: 1584K
[    2.295071] Freeing unused kernel memory: 52K
Loading, please wait...
starting version 229
[    2.310360] random: udevadm: uninitialized urandom read (16 bytes read, 3 bits of entropy available)
[    2.315826] random: systemd-udevd: uninitialized urandom read (16 bytes read, 3 bits of entropy available)
[    2.321424] random: systemd-udevd: uninitialized urandom read (16 bytes read, 3 bits of entropy available)
[    2.326888] random: udevadm: uninitialized urandom read (16 bytes read, 3 bits of entropy available)
[    2.334491] random: systemd-udevd: uninitialized urandom read (16 bytes read, 3 bits of entropy available)
[    2.341369] random: systemd-udevd: uninitialized urandom read (16 bytes read, 3 bits of entropy available)
[    2.353207] random: udevadm: uninitialized urandom read (16 bytes read, 3 bits of entropy available)
[    2.359902] random: systemd-udevd: uninitialized urandom read (16 bytes read, 3 bits of entropy available)
[    2.366546] random: udevadm: uninitialized urandom read (16 bytes read, 3 bits of entropy available)
[    2.372200] random: udevadm: uninitialized urandom read (16 bytes read, 3 bits of entropy available)
[    2.446056] e1000: Intel(R) PRO/1000 Network Driver - version 7.3.21-k8-NAPI
[    2.449902] e1000: Copyright (c) 1999-2006 Intel Corporation.
[    2.459134] Fusion MPT base driver 3.04.20
[    2.461509] Copyright (c) 1999-2008 LSI Corporation
[    2.506991] AVX2 version of gcm_enc/dec engaged.
[    2.509636] AES CTR mode by8 optimization enabled
[    2.520060] Fusion MPT SPI Host driver 3.04.20
[    2.715262] input: ImExPS/2 Generic Explorer Mouse as /devices/platform/i8042/serio1/input/input4
[    2.984197] e1000 0000:00:03.0 eth0: (PCI:33MHz:32-bit) 02:be:82:6b:cc:1d
[    2.988432] e1000 0000:00:03.0 eth0: Intel(R) PRO/1000 Network Connection
[    2.992900] mptbase: ioc0: Initiating bringup
[    3.069163] ioc0: LSI53C1030 A0: Capabilities={Initiator}
[    3.234536] scsi host2: ioc0: LSI53C1030 A0, FwRev=00000000h, Ports=1, MaxQ=256, IRQ=20
[    3.345621] scsi 2:0:0:0: Direct-Access     VBOX     HARDDISK         1.0  PQ: 0 ANSI: 5
[    3.350117] scsi target2:0:0: Beginning Domain Validation
[    3.355308] scsi target2:0:0: Domain Validation skipping write tests
[    3.358790] scsi target2:0:0: Ending Domain Validation
[    3.361806] scsi target2:0:0: asynchronous
[    3.364931] scsi 2:0:1:0: Direct-Access     VBOX     HARDDISK         1.0  PQ: 0 ANSI: 5
[    3.369399] scsi target2:0:1: Beginning Domain Validation
[    3.374598] scsi target2:0:1: Domain Validation skipping write tests
[    3.381226] scsi target2:0:1: Ending Domain Validation
[    3.395077] scsi target2:0:1: asynchronous
[    3.546868] sd 2:0:0:0: [sda] 83886080 512-byte logical blocks: (42.9 GB/40.0 GiB)
[    3.551428] sd 2:0:0:0: [sda] Write Protect is off
[    3.554276] sd 2:0:0:0: Attached scsi generic sg0 type 0
[    3.557557] sd 2:0:1:0: [sdb] 20480 512-byte logical blocks: (10.5 MB/10.0 MiB)
[    3.561985] sd 2:0:1:0: [sdb] Write Protect is off
[    3.564843] sd 2:0:1:0: Attached scsi generic sg1 type 0
[    3.574267] sd 2:0:0:0: [sda] Incomplete mode parameter data
[    3.577446] sd 2:0:0:0: [sda] Assuming drive cache: write through
[    3.581279] sd 2:0:1:0: [sdb] Incomplete mode parameter data
[    3.584514] sd 2:0:1:0: [sdb] Assuming drive cache: write through
[    3.596035] sd 2:0:1:0: [sdb] Attached SCSI disk
[    3.605076]  sda: sda1
[    3.607515] sd 2:0:0:0: [sda] Attached SCSI disk
[    3.882737] e1000 0000:00:08.0 eth1: (PCI:33MHz:32-bit) 08:00:27:d8:e9:c6
[    3.886528] e1000 0000:00:08.0 eth1: Intel(R) PRO/1000 Network Connection
[    3.891462] e1000 0000:00:08.0 enp0s8: renamed from eth1
[    3.896389] e1000 0000:00:03.0 enp0s3: renamed from eth0
Begin: Loading essential drivers ... [    5.393563] md: linear personality registered for level -1
[    5.399407] md: multipath personality registered for level -4
[    5.405083] md: raid0 personality registered for level 0
[    5.414434] md: raid1 personality registered for level 1
[    5.491843] raid6: sse2x1   gen() 14986 MB/s
[    5.571703] raid6: sse2x1   xor() 11253 MB/s
[    5.652136] raid6: sse2x2   gen() 17440 MB/s
[    5.732050] raid6: sse2x2   xor() 12547 MB/s
[    5.811601] raid6: sse2x4   gen() 20781 MB/s
[    5.892127] raid6: sse2x4   xor() 14015 MB/s
[    5.972072] raid6: avx2x1   gen() 26705 MB/s
[    6.051526] raid6: avx2x2   gen() 32528 MB/s
[    6.132350] raid6: avx2x4   gen() 37951 MB/s
[    6.135191] raid6: using algorithm avx2x4 gen() 37951 MB/s
[    6.138244] raid6: using avx2x2 recovery algorithm
[    6.142721] xor: automatically using best checksumming function:
[    6.241769]    avx       : 66652.000 MB/sec
[    6.246282] async_tx: api initialized (async)
[    6.271809] md: raid6 personality registered for level 6
[    6.274999] md: raid5 personality registered for level 5
[    6.278176] md: raid4 personality registered for level 4
[    6.291515] md: raid10 personality registered for level 10
done.
Begin: Running /scripts/init-premount ... done.
Begin: Mounting root file system ... Begin: Running /scripts/local-top ... done.
Begin: Running /scripts/local-premount ... [    6.363180] Btrfs loaded
Scanning for Btrfs filesystems
done.
Warning: fsck not present, so skipping root file system
[    6.397398] EXT4-fs (sda1): mounted filesystem with ordered data mode. Opts: (null)
done.
Begin: Running /scripts/local-bottom ... done.
Begin: Running /scripts/init-bottom ... done.
[    6.506145] systemd[1]: systemd 229 running in system mode. (+PAM +AUDIT +SELINUX +IMA +APPARMOR +SMACK +SYSVINIT +UTMP +LIBCRYPTSETUP +GCRYPT +GNUTLS +ACL +XZ -LZ4 +SECCOMP +BLKID +ELFUTILS +KMOD -IDN)
[    6.515929] systemd[1]: Detected virtualization oracle.
[    6.518908] systemd[1]: Detected architecture x86-64.

Welcome to [1mUbuntu 16.04.7 LTS[0m!

[    6.528866] systemd[1]: Set hostname to <ubuntu>.
[    6.535769] systemd[1]: Initializing machine ID from random generator.
[    6.539698] systemd[1]: Installed transient /etc/machine-id file.
[    6.678976] systemd[1]: Listening on Device-mapper event daemon FIFOs.
[[0;32m  OK  [0m] Listening on Device-mapper event daemon FIFOs.
[    6.686956] systemd[1]: Reached target User and Group Name Lookups.
[[0;32m  OK  [0m] Reached target User and Group Name Lookups.
[    6.694124] systemd[1]: Listening on Syslog Socket.
[[0;32m  OK  [0m] Listening on Syslog Socket.
[    6.700268] systemd[1]: Started Forward Password Requests to Wall Directory Watch.
[[0;32m  OK  [0m] Started Forward Password Requests to Wall Directory Watch.
[    6.709672] systemd[1]: Listening on udev Control Socket.
[[0;32m  OK  [0m] Listening on udev Control Socket.
[    6.716261] systemd[1]: Reached target System Time Synchronized.
[[0;32m  OK  [0m] Reached target System Time Synchronized.
[    6.724093] systemd[1]: Listening on LVM2 poll daemon socket.
[[0;32m  OK  [0m] Listening on LVM2 poll daemon socket.
[    6.731446] systemd[1]: Listening on Journal Audit Socket.
[[0;32m  OK  [0m] Listening on Journal Audit Socket.
[    6.738733] systemd[1]: Created slice User and Session Slice.
[[0;32m  OK  [0m] Created slice User and Session Slice.
[    6.746234] systemd[1]: Reached target Swap.
[[0;32m  OK  [0m] Reached target Swap.
[    6.752772] systemd[1]: Listening on LVM2 metadata daemon socket.
[[0;32m  OK  [0m] Listening on LVM2 metadata daemon socket.
[    6.760115] systemd[1]: Listening on /dev/initctl Compatibility Named Pipe.
[[0;32m  OK  [0m] Listening on /dev/initctl Compatibility Named Pipe.
[    6.768702] systemd[1]: Listening on udev Kernel Socket.
[[0;32m  OK  [0m] Listening on udev Kernel Socket.
[    6.776010] systemd[1]: Started Trigger resolvconf update for networkd DNS.
[[0;32m  OK  [0m] Started Trigger resolvconf update for networkd DNS.
[    6.784599] systemd[1]: Listening on Journal Socket.
[[0;32m  OK  [0m] Listening on Journal Socket.
[    6.792118] systemd[1]: Created slice System Slice.
[[0;32m  OK  [0m] Created slice System Slice.
[    6.799556] systemd[1]: Starting Monitoring of LVM2 mirrors, snapshots etc. using dmeventd or progress polling...
[    6.806631] random: nonblocking pool is initialized
         Starting Monitoring of LVM2 mirrors... dmeventd or progress polling...
[    6.817669] systemd[1]: Mounting POSIX Message Queue File System...
         Mounting POSIX Message Queue File System...
[    6.829950] systemd[1]: Starting Load Kernel Modules...
         Starting Load Kernel Modules...
[    6.846512] Loading iSCSI transport class v2.0-870.
[    6.849348] systemd[1]: Mounting Debug File System...
         Mounting Debug File System...
[    6.855486] systemd[1]: Mounting Huge Pages File System...
         Mounting Huge Pages File System...[    6.868043] iscsi: registered transport (tcp)

[    6.871765] systemd[1]: Starting Set console keymap...
         Starting Set console keymap...
[    6.881817] systemd[1]: Created slice system-serial\x2dgetty.slice.
[[0;32m  OK  [0m] Created slice system-serial\x2dgetty.slice.
[    6.900347] systemd[1]: Starting Create list of required static device nodes for the current kernel...
         Starting Create list of required st... nodes for the current kernel...
[    6.919736] systemd[1]: Reached target Slices.
[[0;32m  OK  [0m] Reached target Slices.
[    6.930170] systemd[1]: Starting Nameserver information manager...
         Starting Nameserver information manager...
[    6.946092] systemd[1]: Listening on fsck to fsckd communication Socket.
[[0;32m  OK  [0m] Listening on fsck to fsckd communication Socket.
[    6.964611] systemd[1]: Starting File System Check on Root Device...
         Starting File System Check on Root Device...
[    6.976246] systemd[1]: Listening on Journal Socket (/dev/log).
[[0;32m  OK  [0m] Listening on Journal Socket (/dev/log).
[    6.987999] systemd[1]: Starting Journal Service...
         Starting Journal Service...
[    7.001421] systemd[1]: Reached target Encrypted Volumes.
[[0;32m  OK  [0m] Reached target Encrypted Volumes.
[    7.023816] systemd[1]: Starting Uncomplicated firewall...
         Starting Uncomplicated firewall...
[    7.045469] systemd[1]: Set up automount Arbitrary Executable File Formats File System Automount Point.
[[0;32m  OK  [0m] Set up automount Arbitrary Executab...ats File System Automount Point.
[    7.061942] iscsi: registered transport (iser)
[    7.065745] systemd[1]: Mounted Huge Pages File System.
[[0;32m  OK  [0m] Mounted Huge Pages File System.
[    7.073873] systemd[1]: Mounted POSIX Message Queue File System.
[[0;32m  OK  [0m] Mounted POSIX Message Queue File System.
[    7.081506] systemd[1]: Mounted Debug File System.
[[0;32m  OK  [0m] Mounted Debug File System.
[    7.087691] systemd[1]: Started Journal Service.
[[0;32m  OK  [0m] Started Journal Service.
[[0;32m  OK  [0m] Started Load Kernel Modules.
[[0;32m  OK  [0m] Started Set console keymap.
[[0;32m  OK  [0m] Started Create list of required sta...ce nodes for the current kernel.
[[0;32m  OK  [0m] Started File System Check on Root Device.
[[0;32m  OK  [0m] Started Uncomplicated firewall.
[[0;32m  OK  [0m] Started Nameserver information manager.
[[0;32m  OK  [0m] Started LVM2 metadata daemon.
[[0;32m  OK  [0m] Started File System Check Daemon to report status.
         Starting Remount Root and Kernel File Systems...
         Starting Create Static Device Nodes in /dev...
[    7.168566] EXT4-fs (sda1): re-mounted. Opts: (null)
         Starting Apply Kernel Variables...
         Mounting FUSE Control File System...
[[0;32m  OK  [0m] Mounted FUSE Control File System.
[[0;32m  OK  [0m] Started Remount Root and Kernel File Systems.
[[0;32m  OK  [0m] Started Create Static Device Nodes in /dev.
[[0;32m  OK  [0m] Started Apply Kernel Variables.
         Starting udev Kernel Device Manager...
         Starting Flush Journal to Persistent Storage...
         Starting udev Coldplug all Devices...
         Starting Load/Save Random Seed...
[[0;32m  OK  [0m] Started Flush Journal to Persistent Storage.
[[0;32m  OK  [0m] Started Load/Save Random Seed.
[[0;32m  OK  [0m] Started udev Kernel Device Manager.
[[0;32m  OK  [0m] Started udev Coldplug all Devices.
[[0;32m  OK  [0m] Started Dispatch Password Requests to Console Directory Watch.
[[0;32m  OK  [0m] Started Monitoring of LVM2 mirrors,...ng dmeventd or progress polling.
[[0;32m  OK  [0m] Reached target Local File Systems (Pre).
[[0;32m  OK  [0m] Reached target Local File Systems.
         Starting Tell Plymouth To Write Out Runtime Data...
         Starting Initial cloud-init job (pre-networking)...
         Starting Commit a transient machine-id on disk...
         Starting Set console font and keymap...
         Starting LSB: AppArmor initialization...
         Starting Create Volatile Files and Directories...
[[0;32m  OK  [0m] Started Tell Plymouth To Write Out Runtime Data.
[[0;32m  OK  [0m] Started Commit a transient machine-id on disk.
[[0;32m  OK  [0m] Started Create Volatile Files and Directories.
         Starting Update UTMP about System Boot/Shutdown...
[[0;32m  OK  [0m] Started Update UTMP about System Boot/Shutdown.
[[0;32m  OK  [0m] Found device /dev/ttyS0.
[[0;32m  OK  [0m] Listening on Load/Save RF Kill Switch Status /dev/rfkill Watch.
[[0;32m  OK  [0m] Started Initial cloud-init job (pre-networking).
[[0;32m  OK  [0m] Reached target Network (Pre).
[    8.087167] cloud-init[501]: Cloud-init v. 21.1-19-gbad84ad4-0ubuntu1~16.04.2 running 'init-local' at Tue, 07 Mar 2023 08:57:34 +0000. Up 7.55 seconds.
[[0;32m  OK  [0m] Started Set console font and keymap.
[[0;32m  OK  [0m] Created slice system-getty.slice.
[[0;32m  OK  [0m] Started LSB: AppArmor initialization.
         Starting Raise network interfaces...
         Starting Load AppArmor profiles managed internally by snapd...
[[0;32m  OK  [0m] Started Load AppArmor profiles managed internally by snapd.
[[0;32m  OK  [0m] Started Raise network interfaces.
         Starting Initial cloud-init job (metadata service crawler)...
[[0;32m  OK  [0m] Reached target Network.
[   10.269242] cloud-init[958]: Cloud-init v. 21.1-19-gbad84ad4-0ubuntu1~16.04.2 running 'init' at Tue, 07 Mar 2023 08:57:36 +0000. Up 9.79 seconds.
[   10.285172] cloud-init[958]: ci-info: ++++++++++++++++++++++++++++++++++++++Net device info+++++++++++++++++++++++++++++++++++++++
[   10.290637] cloud-init[958]: ci-info: +--------+-------+----------------------------+---------------+--------+-------------------+
[   10.306165] cloud-init[958]: ci-info: | Device |   Up  |          Address           |      Mask     | Scope  |     Hw-Address    |
[   10.310971] cloud-init[958]: ci-info: +--------+-------+----------------------------+---------------+--------+-------------------+
[   10.319093] cloud-init[958]: ci-info: | enp0s3 |  True |         10.0.2.15          | 255.255.255.0 | global | 02:be:82:6b:cc:1d |
[[0;32m  OK  [0m] Started Initial cloud-init job (metadata service crawler).
[   10.328746] cloud-init[958]: ci-info: | enp0s3 |  True | fe80::be:82ff:fe6b:cc1d/64 |       .       |  link  | 02:be:82:6b:cc:1d |
[[0;32m  OK  [0m] Reached target System Initialization.
[   10.338308] cloud-init[958]: ci-info: | enp0s8 | False |             .              |       .       |   .    | 08:00:27:d8:e9:c6 |
[[0;32m  OK  [0m] Listening on ACPID Listen Socket.
[[0;32m  OK  [0m] Started Message of the Day.
[   10.350622] cloud-init[958]: ci-info: |   lo   |  True |         127.0.0.1          |   255.0.0.0   |  host  |         .         |[[0;32m  OK  [0m] Started Daily apt download activities.
[[0;32m  OK  [0m] Started Daily apt upgrade and clean activities.
[[0;32m  OK  [0m] Listening on D-Bus System Message Bus Socket.
[[0;32m  OK  [0m] 
[   10.365248] cloud-init[958]: ci-info: |   lo   |  True |          ::1/128           |       .       |  host  |         .         |
[   10.369294] cloud-init[958]: ci-info: +--------+-------+----------------------------+---------------+--------+-------------------+
[   10.373345] cloud-init[958]: ci-info: +++++++++++++++++++++++++++Route IPv4 info++++++++++++++++++++++++++++Started Ubuntu Advantage update messaging.
[[0;32m  OK  [0m] Started Daily Cleanup of Temporary Directories.

[   10.381796] cloud-init[958]: ci-info: +-------+-------------+----------+---------------+-----------+-------+
[[0;32m  OK  [0m] Started ACPI Events Check.
[[0;32m  OK  [0m] Reached target Paths.
[[0;32m  OK  [0m] Reached target Timers.
[[0;32m  OK  [0m] Listening on UUID daemon activation socket.[   10.396082] cloud-init[958]: ci-info: | Route | Destination | Gateway  |    Genmask    | Interface | Flags |
[   10.399715] cloud-init[958]: ci-info: +-------+-------------+----------+---------------+-----------+-------+
[   10.403322] cloud-init[958]: ci-info: |   0   |   0.0.0.0   | 10.0.2.2 |    0.0.0.0    |   enp0s3  |   UG  |
         Starting Socket activation for snappy daemon.

         Starting LXD - unix socket.
[[0;32m  OK  [0m] Reached target Network is Online.
[   10.415102] cloud-init[958]: ci-info: |   1   |   10.0.2.0  | 0.0.0.0  | 255.255.255.0 |   enp0s3  |   U   |
[   10.418709] cloud-init[958]: ci-info: +-------+-------------+----------+---------------+-----------+-------+
[   10.422321] cloud-init[958]: ci-info: +++++++++++++++++++Route IPv6 info+++++++++++++++++++         Starting iSCSI initiator daemon (iscsid)...
[[0;32m  OK  [0m] Reached target Cloud-config availability.
[[0;32m  OK  [0m] Listening on Socket activation for snappy daemon.
[[0;32m  OK  [0m] 
[   10.435426] cloud-init[958]: ci-info: +-------+-------------+---------+-----------+-------+
[   10.438696] cloud-init[958]: ci-info: | Route | Destination | Gateway | Interface | Flags |
[   10.441972] cloud-init[958]: ci-info: +-------+-------------+---------+-----------+-------+
Listening on LXD - unix socket.
[[0;32m  OK  [0m] Reached target Sockets.
[[0;32m  OK  [0m] Reached target Basic System.
         Starting LXD - container startup/shutdown...
         [   10.455855] cloud-initStarting Virtualbox guest utils...
[958]: [[0;32m  OK  [0m] Started ACPI event daemon.
         Starting /etc/rc.local Compatibility...
ci-info: |   0   |  fe80::/64  |    ::   |   enp0s3  |   U   |         Starting Pollinate to seed the pseudo random number generator...
[[0;32m  OK  [0m] Started Deferred execution scheduler.
         Starting LSB: MD monitoring daemon...
         Starting Accounts Service...
[[0;32m  OK  [0m] Started Regular background program processing daemon.
         Starting Login Service...
         Starting LSB: Record successful boot for GRUB...

[[0;32m  OK  [0m] Started D-Bus System Message Bus.
[   10.550724] cloud-init[958]: ci-info: |   3   |   ff00::/8  |    ::   |   enp0s3  |   U   |
[   10.563040] cloud-init[[0;32m  OK  [0m] Started FUSE filesystem for LXC.
         Starting System Logging Service...
[958]: ci-info: +-------+-------------+---------+-----------+-------+         Starting Snap Daemon...
[[0;32m  OK  [0m] Started /etc/rc.local Compatibility.
[[0;32m  OK  [0m] Started iSCSI initiator daemon (iscsid).
         Starting Login to default iSCSI targets...
[[0;32m  OK  [0m] Started Login Service.
[[0;32m  OK  [0m] Started Unattended Upgrades Shutdown.
[[0;32m  OK  [0m] Started System Logging Service.
         Starting Authenticate and Authorize Users to Run Privileged Tasks...

[[0;32m  OK  [0m] Started Login to default iSCSI targets.
[[0;32m  OK  [0m] Reached target Remote File Systems (Pre).
[   10.723063] cloud-init[[0;32m  OK  [0m] Reached target Remote File Systems.
         Starting Permit User Sessions...
         Starting LSB: Set the CPU Frequency Scaling governor to "ondemand"...
         Starting LSB: automatic crash report generation...
         Starting LSB: daemon to balance interrupts for SMP systems...
[[0;32m  OK  [0m] Started LSB: MD monitoring daemon.
[[0;32m  OK  [0m] Started LSB: Record successful boot for GRUB.
[[0;32m  OK  [0m] Started Permit User Sessions.
[958]: Generating public/private rsa key pair.
         Starting Hold until boot process finishes up...
         Starting Terminate Plymouth Boot Screen...
[[0;32m  OK  [0m] Started Hold until boot process finishes up.
[[0;32m  OK  [0m] Started Authenticate and Authorize Users to Run Privileged Tasks.
[[0;32m  OK  [0m] Started Terminate Plymouth Boot Screen.
[[0;32m  OK  [0m] Started Accounts Service.
         Starting Set console scheme...
[[0;32m  OK  [0m] Started Getty on tty1.
[[0;32m  OK  [0m] Started Serial Getty on ttyS0.
[   10.857080] cloud-init[958]: Your identification has been saved in /etc/ssh/ssh_host_rsa_key.
[[0;32m  OK  [0m] Reached target Login Prompts.
[[0;32m  OK  [0m] Started LSB: Set the CPU Frequency Scaling governor to "ondemand".
[[0;32m  OK  [0m] Started Set console scheme.
[[0;32m  OK  [0m] Started LSB: daemon to balance interrupts for SMP systems.
[   10.920605] cloud-init[958]: Your public key has been saved in /etc/ssh/ssh_host_rsa_key.pub.
[[0;32m  OK  [0m] Started LXD - container startup/shutdown.
[   10.956364] cloud-init[958]: The key fingerprint is:
[[0;32m  OK  [0m] Started LSB: automatic crash report generation.
[   10.994525] cloud-init[958]: SHA256:FWzOUOUi1a+YEaq0Q9oESqqZuCIAkdLFexB/eWItMkg root@ubuntu-xenial
[   11.017066] cloud-init[958]: The key's randomart image is:
[   11.041263] cloud-init[958]: +---[RSA 2048]----+
[[0;32m  OK  [0m] Started Virtualbox guest utils.
[   11.073924] cloud-init[958]: | o oE.   o+o.    |
[   11.095848] cloud-init[958]: |+ o.+o  .++o.    |
[   11.105174] cloud-init[958]: |.+ ..++ B*=...   |
[   11.124238] cloud-init[958]: |o . . ==.*+.  .  |
[   11.127620] cloud-init[958]: |+o   B oS  + .   |
[   11.140061] cloud-init[958]: |*   . =   o .    |
[   11.147563] cloud-init[958]: |..     .         |
[   11.153881] cloud-init[958]: |+                |
[   11.174585] cloud-init[958]: |o                |
[   11.185246] cloud-init[958]: +----[SHA256]-----+
[   11.201548] cloud-init[958]: Generating public/private dsa key pair.
[   11.210873] cloud-init[958]: Your identification has been saved in /etc/ssh/ssh_host_dsa_key.
[   11.232780] cloud-init[958]: Your public key has been saved in /etc/ssh/ssh_host_dsa_key.pub.
[   11.248591] cloud-init[958]: The key fingerprint is:
[   11.268125] cloud-init[958]: SHA256:CoL+Sew3SwLHYFPJhuRqq6TrZaex34fIn7IYV5LIUFc root@ubuntu-xenial
[   11.277404] cloud-init[958]: The key's randomart image is:
[   11.284582] cloud-init[958]: +---[DSA 1024]----+
[   11.293608] cloud-init[958]: |..oo...E         |
[[0;32m  OK  [0m] Started Snap Daemon.
         Starting Wait until snapd is fully seeded...
[   11.297894] cloud-init[958]: |..o+.            |
[   11.325532] cloud-init[958]: | *.              |
[   11.331021] cloud-init[958]: |o.* . .          |
[   11.355559] cloud-init[958]: |oo.=.o .S        |
[   11.360625] cloud-init[958]: |o =. .o.         |
[   11.377193] cloud-init[958]: | + O.+o .        |
[   11.384609] cloud-init[958]: |+ * %*....       |
[   11.389712] cloud-init[958]: |=o Bo+*+.        |
[   11.393671] cloud-init[958]: +----[SHA256]-----+
[   11.403699] cloud-init[958]: Generating public/private ecdsa key pair.
[   11.411399] cloud-init[958]: Your identification has been saved in /etc/ssh/ssh_host_ecdsa_key.
[   11.419056] cloud-init[958]: Your public key has been saved in /etc/ssh/ssh_host_ecdsa_key.pub.
[   11.428488] cloud-init[958]: The key fingerprint is:
[   11.432088] cloud-init[958]: SHA256:ppkGEjXIEvXr6ZRrxw331U2KO277c3LsSCHcyJmP5TM root@ubuntu-xenial
[   11.443363] cloud-init[958]: The key's randomart image is:
[   11.450090] cloud-init[958]: +---[ECDSA 256]---+
[   11.456743] cloud-init[958]: |.+..o            |
[   11.462796] cloud-init[958]: |. oo .           |
[   11.470965] cloud-init[958]: | .. .            |
[   11.478158] cloud-init[958]: |   . .     o =  .|
[   11.483393] cloud-init[958]: |  . o   S   Bo++ |
[   11.491628] cloud-init[958]: |   o +.=.   o*o..|
[   11.498293] cloud-init[958]: |    =.=+ . ...E. |
[   11.503594] cloud-init[958]: |   o.oo . . +.o++|
[   11.512492] cloud-init[958]: |   .o.     oo+o*.|
[   11.519023] cloud-init[958]: +----[SHA256]-----+
[   11.524455] cloud-init[958]: Generating public/private ed25519 key pair.
[   11.539812] cloud-init[958]: Your identification has been saved in /etc/ssh/ssh_host_ed25519_key.
[[0;32m  OK  [0m] Started Pollinate to seed the pseudo random number generator.
[   11.561328] cloud-init         Starting OpenBSD Secure Shell server...
[958]: Your public key has been saved in /etc/ssh/ssh_host_ed25519_key.pub.
[[0;32m  OK  [0m] Started OpenBSD Secure Shell server.
[   11.592872] cloud-init[958]: The key fingerprint is:
[   11.600737] cloud-init[958]: SHA256:wR65YYEZWjB0wyTv42gOs3O6h6hLNl+TTnwGtPSh7kE root@ubuntu-xenial
[   11.612538] cloud-init[958]: The key's randomart image is:
[   11.618534] cloud-init[958]: +--[ED25519 256]--+
[   11.627284] cloud-init[958]: |   .=+*+.        |
[   11.633703] cloud-init[958]: |     B+o o       |
[   11.648791] cloud-init[958]: |    .o..B        |
[   11.652195] cloud-init[958]: |    o.+o.=       |
[   11.660546] cloud-init[958]: |     Eo.S        |
[   11.671419] cloud-init[958]: |    +oo.         |
[   11.675319] cloud-init[958]: | =o.oO.o         |
[   11.679317] cloud-init[958]: |+ =*B =          |
[   11.682734] cloud-init[958]: |+.+B.o           |
[   11.686404] cloud-init[958]: +----[SHA256]-----+
[[0;32m  OK  [0m] Created slice User Slice of vagrant.
[[0;32m  OK  [0m] Started Session 1 of user vagrant.
         Starting User Manager for UID 1000...
[[0;32m  OK  [0m] Started User Manager for UID 1000.
[[0;32m  OK  [0m] Started Wait until snapd is fully seeded.
         Starting Apply the settings specified in cloud-config...
[[0;32m  OK  [0m] Reached target Multi-User System.
[[0;32m  OK  [0m] Reached target Graphical Interface.
         Starting Update UTMP about System Runlevel Changes...
[[0;32m  OK  [0m] Started Update UTMP about System Runlevel Changes.
[   13.469615] cloud-init[1454]: Generating locales (this might take a while)...
[[0;32m  OK  [0m] Started Session 2 of user vagrant.
[   14.418883] cloud-init[1454]:   en_US.UTF-8... done
[   14.424221] cloud-init[1454]: Generation complete.
[   14.658155] cloud-init[1454]: Cloud-init v. 21.1-19-gbad84ad4-0ubuntu1~16.04.2 running 'modules:config' at Tue, 07 Mar 2023 08:57:39 +0000. Up 13.37 seconds.
[[0;32m  OK  [0m] Started Apply the settings specified in cloud-config.
         Starting Execute cloud user/final scripts...
ci-info: no authorized SSH keys fingerprints found for user ubuntu.
<14>Mar  7 08:57:41 ec2: 
<14>Mar  7 08:57:41 ec2: #############################################################
<14>Mar  7 08:57:41 ec2: -----BEGIN SSH HOST KEY FINGERPRINTS-----
<14>Mar  7 08:57:41 ec2: 1024 SHA256:CoL+Sew3SwLHYFPJhuRqq6TrZaex34fIn7IYV5LIUFc root@ubuntu-xenial (DSA)
<14>Mar  7 08:57:41 ec2: 256 SHA256:ppkGEjXIEvXr6ZRrxw331U2KO277c3LsSCHcyJmP5TM root@ubuntu-xenial (ECDSA)
<14>Mar  7 08:57:41 ec2: 256 SHA256:wR65YYEZWjB0wyTv42gOs3O6h6hLNl+TTnwGtPSh7kE root@ubuntu-xenial (ED25519)
<14>Mar  7 08:57:41 ec2: 2048 SHA256:FWzOUOUi1a+YEaq0Q9oESqqZuCIAkdLFexB/eWItMkg root@ubuntu-xenial (RSA)
<14>Mar  7 08:57:41 ec2: -----END SSH HOST KEY FINGERPRINTS-----
<14>Mar  7 08:57:41 ec2: #############################################################
-----BEGIN SSH HOST KEY KEYS-----
ecdsa-sha2-nistp256 AAAAE2VjZHNhLXNoYTItbmlzdHAyNTYAAAAIbmlzdHAyNTYAAABBBFrBjrJ7NhsTGvx8vRdEgN/2eXiIHEBy3JCS2ImlIOI69gmqfm1h8nFNb+2VWgYK6+BkXt5Lda4rxm+q7PJLrNc= root@ubuntu-xenial
ssh-ed25519 AAAAC3NzaC1lZDI1NTE5AAAAIPnHRAZtsVqjviaJQTl98u+c3DRvhvNcvUqwcFrUBSmo root@ubuntu-xenial
ssh-rsa AAAAB3NzaC1yc2EAAAADAQABAAABAQDlOD04au2gR1H8zm6rQetvvqLMiekJXQtajqwt4vbSZkvl14YQBvhuJMT+wpgcnzjDRrP9orUycVLjzPAtxLlg1IU0Ms7p3hVDX6a2OuSKHrtWhdvs0riVk2vlfxfYbM5YhIVS/VbhRvftgsAMS7BKFcNEmg0lmYhY3Dqd3eSpkYyVvltXMfUP3M8Fpk2JmiVonUJujME/IgyPjspoGUOP/5q64xm1ebygUdoKa4e/E6R164dhayZ4wMHI1ja2rSu8dMdOOFvirgo+DejRQtQreYu4O3hc27u6/5cIdxpLCOd8G6q+9pUrV8QraK3O/obrkm1meWjPHi1ZtrH+7OWP root@ubuntu-xenial
-----END SSH HOST KEY KEYS-----
[   15.389666] cloud-init[1639]: Cloud-init v. 21.1-19-gbad84ad4-0ubuntu1~16.04.2 running 'modules:final' at Tue, 07 Mar 2023 08:57:41 +0000. Up 15.10 seconds.
[   15.410278] cloud-init[1639]: ci-info: no authorized SSH keys fingerprints found for user ubuntu.
[   15.415949] cloud-init[1639]: Cloud-init v. 21.1-19-gbad84ad4-0ubuntu1~16.04.2 finished at Tue, 07 Mar 2023 08:57:41 +0000. Datasource DataSourceNoCloud [seed=/dev/sdb][dsmode=net].  Up 15.38 seconds
[[0;32m  OK  [0m] Started Execute cloud user/final scripts.
[[0;32m  OK  [0m] Reached target Cloud-init target.

Ubuntu 16.04.7 LTS ubuntu-xenial ttyS0

ubuntu-xenial login: 